6a448d57-2a2d-4614-ac74-4e13c9dcc01b:1763023978244:4:S:SELECT user_id, username\nFROM ALL_USERS\nWHERE username = 'HR'\n;
8ed7e091-4b42-4b08-bd13-35c3c7466d45:1763023978382:32:S:desc employees;
36b4cf68-411e-4a2f-b24b-1bf022a6d559:1763023978570:23:S:SELECT *\nFROM employees;
502ce0fe-27e8-4bf7-8f3b-1ccb8c7e031a:1763023979017:16:S:SELECT employee_id AS "사원 번호"\n      ,first_name AS 이름\n      ,last_name AS 성\n      ,email AS 이메일\n      ,phone_number AS 전화번호\n      ,hire_date AS 입사일자\n      ,salary AS 급여\nFROM employees;
f51a0ca7-7b54-4975-9b60-433db406d79c:1763023979169:4:S:SELECT DISTINCT job_id\nFROM EMPLOYEES;
81ea4614-26a0-4d12-b477-3b8d50f26be2:1763023979389:12:S:SELECT *\nFROM employees\nWHERE salary > 6000;
07986c32-28a3-4bf3-96ed-27715ab20b33:1763023979631:3:S:SELECT *\nFROM employees\nWHERE salary = 10000;
f710e1d4-2af9-4df7-a432-23a18a59a691:1763023979895:19:S:SELECT *\nFROM EMPLOYEES\nORDER BY salary DESC, FIRST_NAME ASC;
f2ec5df8-0765-4da6-b688-4957190cc2d2:1763023980445:5:S:SELECT *\nFROM employees\nWHERE job_id = 'FI_ACCOUNT' \n   OR job_id = 'IT_PROG';
c6aa3b13-ca46-4e17-aa48-ec15d2a07c29:1763023980693:6:S:SELECT *\nFROM employees\nWHERE job_id IN ('FI_ACCOUNT' , 'IT_PROG');
e879b487-167e-435e-8762-2540b14ce2df:1763023980930:18:S:SELECT *\nFROM employees\nWHERE job_id NOT IN ('FI_ACCOUNT' , 'IT_PROG');
959c2508-19c5-4468-b0c9-a670d77c9e48:1763023981176:3:S:SELECT *\nFROM employees\nWHERE job_id = 'IT_PROG'\n  AND salary >= 6000;
04504f73-2f0d-461a-8f6c-617f6b9652b9:1763023981395:4:S:SELECT *\nFROM employees\nWHERE first_name LIKE 'S%';
7577ed7c-032e-41ac-bca4-3219742e60c1:1763023981712:4:S:SELECT *\nFROM employees\nWHERE first_name LIKE '%s';
ab6ca882-ece1-4d93-aefa-458190c3b65f:1763023981891:7:S:SELECT *\nFROM employees\nWHERE first_name LIKE '%s%';
f3f3ab43-09fa-4fa6-a3e6-529dc2df8dd9:1763023982117:10:S:SELECT *\nFROM employees\nWHERE first_name LIKE '_____'; -- 언더바 5개
1ea67663-d02b-403e-a471-43f42edae3a9:1763023982345:14:S:SELECT *\nFROM employees\nWHERE commission_pct IS NULL;
8566311f-f008-4f40-8e9e-074a96dd55ff:1763023982576:7:S:SELECT *\nFROM employees\nWHERE commission_pct IS NOT NULL;
70e97b9a-548d-470e-8f8e-89a45f08bf30:1763023982840:16:S:SELECT *\nFROM employees\nWHERE hire_date >= '04/01/01';
c2d72394-11b4-48b3-aed4-dbeec93f8915:1763023982993:16:S:SELECT *\nFROM employees\nWHERE hire_date >= TO_DATE('04/01/01', 'YY/MM/DD');
6a801620-b0fe-48f5-a235-fb14cbe34959:1763023983276:9:S:SELECT *\nFROM employees\nWHERE hire_date >= '04/01/01'\n  AND hire_date <= '05/12/31';
58c65c2d-78ed-4076-94b6-13088881638d:1763023983445:11:S:SELECT *\nFROM employees\nWHERE hire_date >= TO_DATE('04/01/01', 'YY/MM/DD')\n  AND hire_date >= TO_DATE('05/12/31', 'YY/MM/DD');
03ffd864-dab5-45c6-a0b3-7fa71e65449d:1763023983627:9:S:SELECT *\nFROM employees\nWHERE hire_date BETWEEN TO_DATE('04/01/01', 'YY/MM/DD')\n                    AND TO_DATE('05/12/31', 'YY/MM/DD');
e5fb2cf6-2b0d-4b4a-a313-1c3452b3d329:1763023983914:21:S:SELECT CEIL(12.45), CEIL(-12.45)\nFROM dual;
1c7c9242-5441-474a-9397-89926d584da0:1763023984144:18:S:SELECT FLOOR(12.55), FLOOR(-12.55)\nFROM dual;
ae9ad0ab-6e76-47c7-beac-0677d0dddc24:1763023984472:2:S:SELECT ROUND(0.54, 0) FROM dual;
2ad0e52c-74be-4483-a50f-1a45eb4712f4:1763023984591:3:S:SELECT ROUND(0.54, 1) FROM dual;
059d90a1-97c6-40e6-8abb-fb78c3f0a906:1763023984705:18:S:SELECT ROUND(125.67, -1) FROM dual;
65761f4c-d8c6-417f-a94f-2e8c223adda9:1763023984836:17:S:SELECT ROUND(125.67, -2) FROM dual;
e981a7c1-9869-4391-aa07-625dc02c8754:1763023985127:3:S:SELECT MOD(3, 8) FROM dual;
ef07e616-d174-4e8d-90be-faf558d41168:1763023985242:2:S:SELECT MOD(30, 4) FROM dual;
03638c39-b551-4ad7-b687-02598ba3b5b0:1763023985486:3:S:SELECT POWER(2, 10)\nFROM dual;
e8cf71f6-8729-44f6-b85f-8f7edb653c51:1763023985602:3:S:SELECT POWER(2, 31)\nFROM dual;
